// Vitest Snapshot v1

exports[`stub-builder > should watch changes of builder config 1`] = `
[
  {
    "path": "dev",
    "prevValue": {
      "assetPrefix": "/",
      "hmr": true,
      "progressBar": true,
    },
    "stack": [
      "    at <ROOT>/packages/builder/builder-webpack-provider/tests/stub/builder.test.ts:91:18",
      "    at Object.call (<ROOT>/packages/builder/builder-shared/src/createHook.ts:9:28)",
      "    at async modifyBuilderConfig (<ROOT>/packages/builder/builder-webpack-provider/src/core/initConfigs.ts:13:22)",
      "    at async Module.initConfigs (<ROOT>/packages/builder/builder-webpack-provider/src/core/initConfigs.ts:30:3)",
      "    at async build (<ROOT>/packages/builder/builder-webpack-provider/src/core/build.ts:43:30)",
      "    at async <ROOT>/packages/builder/builder-webpack-provider/src/stub/builder.ts:108:5",
      "    at async Object.unwrapConfigChanges (<ROOT>/packages/builder/builder-webpack-provider/src/stub/builder.ts:138:5)",
    ],
    "value": {
      "hmr": false,
    },
  },
  {
    "path": "dev.hmr",
    "prevValue": undefined,
    "stack": [
      "    at <ROOT>/packages/builder/builder-webpack-provider/tests/stub/builder.test.ts:92:22",
      "    at Object.call (<ROOT>/packages/builder/builder-shared/src/createHook.ts:9:28)",
      "    at async modifyBuilderConfig (<ROOT>/packages/builder/builder-webpack-provider/src/core/initConfigs.ts:13:22)",
      "    at async Module.initConfigs (<ROOT>/packages/builder/builder-webpack-provider/src/core/initConfigs.ts:30:3)",
      "    at async build (<ROOT>/packages/builder/builder-webpack-provider/src/core/build.ts:43:30)",
      "    at async <ROOT>/packages/builder/builder-webpack-provider/src/stub/builder.ts:108:5",
      "    at async Object.unwrapConfigChanges (<ROOT>/packages/builder/builder-webpack-provider/src/stub/builder.ts:138:5)",
    ],
    "value": false,
  },
]
`;
